# Domande controllate a mano: la risposta è giusta anche se il versetto non la scrive con le stesse parole.
# Una riga = l'inizio della domanda italiana.
Che cosa l'Eterno gli mise in conto come giustizia
Che cosa notarono gli Israeliti sul volto di Mosè
Dove si trova per la prima volta il comando
Che cosa doveva fare la terra nel settimo anno
Quanti uomini mandò Mosè a esplorare
Quante erano le figlie di Tselofehad
Chi disse: «Quanto a me e alla mia casa
Come si chiamavano i figli malvagi del sacerdote Eli
Chi pianse dicendo: «Figlio mio, Absalom
A quale donna si rivolse Saul
A chi è attribuito il Salmo 90
Che cosa non doveva fare Ezechiele quando morì sua moglie
In quante lingue era scritto il titolo
Quante volte Gesù chiese a Pietro
A chi Paolo chiede: «Dov'è, o morte
Per quale figlio aveva pregato Anna
Quale figlio di Davide costruì il tempio
Quale re fece gettare Daniele nella fossa
Quale persecutore dei cristiani
Come si chiama spesso la regola
Che cosa fece crollare Sansone
Il figlio di quale donna Eliseo risuscitò
Che cosa disse Dio che sarebbe accaduto nel giorno
Quanti anni Dio fissò come limite
Che cosa gettò Mosè nelle acque amare
Quanti ingredienti aromatici componevano
